The system is: Windows - 10.0.26200 - AMD64
Compiling the CXX compiler identification source file "CMakeCXXCompilerId.cpp" succeeded.
Compiler:  
Build flags: 
Id flags:  

The output was:
0
MSBuild version 17.13.15+18b3035f6 for .NET Framework
Build started 2026/7/27 16:26:38.

Project "D:\flutter_pro\RotaScope\VirtualDisplayDriver\build\CMakeFiles\3.24.4\CompilerIdCXX\CompilerIdCXX.vcxproj" on node 1 (default targets).
PrepareForBuild:
  Creating directory "Debug\".
  Structured output is enabled. The formatting of compiler diagnostics will reflect the error hierarchy. See https://aka.ms/cpp/structured-output for more details.
  Creating directory "Debug\CompilerIdCXX.tlog\".
InitializeBuildStatus:
  Creating "Debug\CompilerIdCXX.tlog\unsuccessfulbuild" because "AlwaysCreate" was specified.
  Touching "Debug\CompilerIdCXX.tlog\unsuccessfulbuild".
ClCompile:
  D:\Program Files\VC\Tools\MSVC\14.43.34808\bin\HostX64\x64\CL.exe /c /nologo /W0 /WX- /diagnostics:column /Od /D _MBCS /Gm- /EHsc /RTC1 /MDd /GS /fp:precise /Zc:wchar_t /Zc:forScope /Zc:inline /Fo"Debug\\" /Fd"Debug\vc143.pdb" /external:W0 /Gd /TP /FC /errorReport:queue CMakeCXXCompilerId.cpp
  CMakeCXXCompilerId.cpp
Link:
  D:\Program Files\VC\Tools\MSVC\14.43.34808\bin\HostX64\x64\link.exe /ERRORREPORT:QUEUE /OUT:".\CompilerIdCXX.exe" /INCREMENTAL:NO /NOLOGO kernel32.lib user32.lib gdi32.lib winspool.lib comdlg32.lib advapi32.lib shell32.lib ole32.lib oleaut32.lib uuid.lib odbc32.lib odbccp32.lib /MANIFEST /MANIFESTUAC:"level='asInvoker' uiAccess='false'" /manifest:embed /PDB:".\CompilerIdCXX.pdb" /SUBSYSTEM:CONSOLE /TLBID:1 /DYNAMICBASE /NXCOMPAT /IMPLIB:".\CompilerIdCXX.lib" /MACHINE:X64 Debug\CMakeCXXCompilerId.obj
  CompilerIdCXX.vcxproj -> D:\flutter_pro\RotaScope\VirtualDisplayDriver\build\CMakeFiles\3.24.4\CompilerIdCXX\CompilerIdCXX.exe
PostBuildEvent:
  for %%i in (cl.exe) do @echo CMAKE_CXX_COMPILER=%%~$PATH:i
  :VCEnd
  CMAKE_CXX_COMPILER=D:\Program Files\VC\Tools\MSVC\14.43.34808\bin\Hostx64\x64\cl.exe
FinalizeBuildStatus:
  Deleting file "Debug\CompilerIdCXX.tlog\unsuccessfulbuild".
  Touching "Debug\CompilerIdCXX.tlog\CompilerIdCXX.lastbuildstate".
Done Building Project "D:\flutter_pro\RotaScope\VirtualDisplayDriver\build\CMakeFiles\3.24.4\CompilerIdCXX\CompilerIdCXX.vcxproj" (default targets).

Build succeeded.
    0 Warning(s)
    0 Error(s)

Time Elapsed 00:00:00.58


Compilation of the CXX compiler identification source "CMakeCXXCompilerId.cpp" produced "CompilerIdCXX.exe"

Compilation of the CXX compiler identification source "CMakeCXXCompilerId.cpp" produced "CompilerIdCXX.vcxproj"

The CXX compiler identification is MSVC, found in "D:/flutter_pro/RotaScope/VirtualDisplayDriver/build/CMakeFiles/3.24.4/CompilerIdCXX/CompilerIdCXX.exe"

Detecting CXX compiler ABI info compiled with the following output:
Change Dir: D:/flutter_pro/RotaScope/VirtualDisplayDriver/build/CMakeFiles/CMakeTmp

Run Build Command(s):D:/Program Files/MSBuild/Current/Bin/amd64/MSBuild.exe cmTC_1ce9c.vcxproj /p:Configuration=Debug /p:Platform=x64 /p:VisualStudioVersion=17.0 /v:m && MSBuild version 17.13.15+18b3035f6 for .NET Framework

  Microsoft (R) C/C++ Optimizing Compiler Version 19.43.34808 for x64
  Copyright (C) Microsoft Corporation.  All rights reserved.
  cl /c /Zi /W1 /WX- /diagnostics:column /Od /Ob0 /D _MBCS /D WIN32 /D _WINDOWS /D "CMAKE_INTDIR=\"Debug\"" /Gm- /EHsc /RTC1 /MDd /GS /fp:precise /Zc:wchar_t /Zc:forScope /Zc:inline /Fo"cmTC_1ce9c.dir\Debug\\" /Fd"cmTC_1ce9c.dir\Debug\vc143.pdb" /external:W1 /Gd /TP /errorReport:queue "A:\programFiles\cmake\cmake-3.24.4-windows-x86_64\share\cmake-3.24\Modules\CMakeCXXCompilerABI.cpp"
  CMakeCXXCompilerABI.cpp
  cmTC_1ce9c.vcxproj -> D:\flutter_pro\RotaScope\VirtualDisplayDriver\build\CMakeFiles\CMakeTmp\Debug\cmTC_1ce9c.exe



